// Jest Snapshot v1, https://goo.gl/fbAQLP

exports[`Actions should render all three buttons 1`] = `ShallowWrapper {}`;
